// Jest Snapshot v1, https://goo.gl/fbAQLP

exports[`Pruebas en <GifGridItem /> debe de hacer match con el snapshot 1`] = `
<div>
  <div
    class="card animate__animated animate__swing"
  >
    <img
      alt="Saitama"
      src="http://one-punch.com/saitama.jpg"
    />
    <p>
      Saitama
    </p>
  </div>
</div>
`;
